// Jest Snapshot v1, https://goo.gl/fbAQLP

exports[`AddNote component renders the complete form 1`] = `
<div
  className="AddNote"
>
  <h2>
    Add a New Note
  </h2>
  <form
    className="AddNote__form"
    onSubmit={[Function]}
  >
    <div
      className="form-group"
    >
      <label
        htmlFor="note-name"
      >
        Name
      </label>
      <input
        aria-describedby="noteNameDescription"
        aria-label="note name"
        aria-required="true"
        autoComplete="off"
        id="note-name"
        name="note-name"
        onChange={[Function]}
        type="text"
      />
    </div>
    <div
      className="form-group"
    >
      <label
        htmlFor="note-content"
      >
        Content
      </label>
      <input
        aria-describedby="noteContentDescription"
        aria-label="note content"
        aria-required="true"
        autoComplete="off"
        id="note-content"
        name="note-content"
        onChange={[Function]}
        type="text"
      />
    </div>
    <div
      className="form-group"
    >
      <label
        htmlFor="note-folder"
      >
        Folder
      </label>
      <select
        aria-describedby="noteFolderDescription"
        aria-label="note folder"
        aria-required="true"
        id="note-folder"
        onChange={[Function]}
      >
        <option
          value={null}
        >
          ...
        </option>
      </select>
    </div>
    <button
      className="AddNote__button-cancel"
      onClick={[Function]}
    >
      Cancel
    </button>
    <button
      className="AddNote__button-save"
      disabled="Name is required"
      type="submit"
    >
      Add Note
    </button>
    <div
      id="noteNameDescription"
    >
      Enter a name for your new note.
    </div>
    <div
      id="noteContentDescription"
    >
      Enter the content for your new note.
    </div>
    <div
      id="noteFolderDescription"
    >
      Select a folder for your note.
    </div>
  </form>
</div>
`;

exports[`AddNote component renders the select options from folders 1`] = `
<select
  aria-describedby="noteFolderDescription"
  aria-label="note folder"
  aria-required="true"
  id="note-folder"
  onChange={[Function]}
>
  <option
    value={null}
  >
    ...
  </option>
</select>
`;
